../Drivers/PCA9552_Driver/src/_Pca9552_Led_Driver.c:49:9:pca9552_init	16	static
../Drivers/PCA9552_Driver/src/_Pca9552_Led_Driver.c:95:6:pca9552_SetPWM	24	static
../Drivers/PCA9552_Driver/src/_Pca9552_Led_Driver.c:130:9:pca9552_DigitalRead	24	static
../Drivers/PCA9552_Driver/src/_Pca9552_Led_Driver.c:172:6:pca9552_DigitalWrite	24	static
../Drivers/PCA9552_Driver/src/_Pca9552_Led_Driver.c:260:6:pca9552_TurnOffAllLeds	24	static
../Drivers/PCA9552_Driver/src/_Pca9552_Led_Driver.c:289:6:pca9552_TurnOnAllLeds	24	static
../Drivers/PCA9552_Driver/src/_Pca9552_Led_Driver.c:318:6:pca9552_TurnOnSpecWhiteLeds	24	static
../Drivers/PCA9552_Driver/src/_Pca9552_Led_Driver.c:347:6:pca9552_TurnOnSpecRedLeds	24	static
../Drivers/PCA9552_Driver/src/_Pca9552_Led_Driver.c:376:6:pca9552_TurnOnButtonAllLeds	24	static
../Drivers/PCA9552_Driver/src/_Pca9552_Led_Driver.c:403:6:pca9552_UpdatePinStates	16	static
../Drivers/PCA9552_Driver/src/_Pca9552_Led_Driver.c:425:9:pca9552_StateOfPin	16	static
../Drivers/PCA9552_Driver/src/_Pca9552_Led_Driver.c:458:10:pca9552_I2CGetValue	32	static
../Drivers/PCA9552_Driver/src/_Pca9552_Led_Driver.c:515:6:pca9552_I2CSetValue	32	static
